<?xml version="1.0" encoding="ISO-8859-1" ?>
<link_info>
   <banner>MSP430 Linker PC v18.1.4.LTS</banner>
   <copyright>Copyright (c) 2003-2018 Texas Instruments Incorporated</copyright>
   <link_time>0x5d2d2e60</link_time>
   <link_errors>0x0</link_errors>
   <output_file>ECE298-Project.out</output_file>
   <entry_point>
      <name>_c_int00_noargs</name>
      <address>0xe472</address>
   </entry_point>
   <input_file_list>
      <input_file id="fl-2">
         <path>.\</path>
         <kind>object</kind>
         <file>main.obj</file>
         <name>main.obj</name>
      </input_file>
      <input_file id="fl-3">
         <path>.\driverlib\MSP430FR2xx_4xx\</path>
         <kind>object</kind>
         <file>adc.obj</file>
         <name>adc.obj</name>
      </input_file>
      <input_file id="fl-4">
         <path>.\driverlib\MSP430FR2xx_4xx\</path>
         <kind>object</kind>
         <file>crc.obj</file>
         <name>crc.obj</name>
      </input_file>
      <input_file id="fl-5">
         <path>.\driverlib\MSP430FR2xx_4xx\</path>
         <kind>object</kind>
         <file>cs.obj</file>
         <name>cs.obj</name>
      </input_file>
      <input_file id="fl-6">
         <path>.\driverlib\MSP430FR2xx_4xx\</path>
         <kind>object</kind>
         <file>ecomp.obj</file>
         <name>ecomp.obj</name>
      </input_file>
      <input_file id="fl-7">
         <path>.\driverlib\MSP430FR2xx_4xx\</path>
         <kind>object</kind>
         <file>eusci_a_spi.obj</file>
         <name>eusci_a_spi.obj</name>
      </input_file>
      <input_file id="fl-8">
         <path>.\driverlib\MSP430FR2xx_4xx\</path>
         <kind>object</kind>
         <file>eusci_a_uart.obj</file>
         <name>eusci_a_uart.obj</name>
      </input_file>
      <input_file id="fl-9">
         <path>.\driverlib\MSP430FR2xx_4xx\</path>
         <kind>object</kind>
         <file>eusci_b_i2c.obj</file>
         <name>eusci_b_i2c.obj</name>
      </input_file>
      <input_file id="fl-a">
         <path>.\driverlib\MSP430FR2xx_4xx\</path>
         <kind>object</kind>
         <file>eusci_b_spi.obj</file>
         <name>eusci_b_spi.obj</name>
      </input_file>
      <input_file id="fl-b">
         <path>.\driverlib\MSP430FR2xx_4xx\</path>
         <kind>object</kind>
         <file>framctl.obj</file>
         <name>framctl.obj</name>
      </input_file>
      <input_file id="fl-c">
         <path>.\driverlib\MSP430FR2xx_4xx\</path>
         <kind>object</kind>
         <file>gpio.obj</file>
         <name>gpio.obj</name>
      </input_file>
      <input_file id="fl-d">
         <path>.\driverlib\MSP430FR2xx_4xx\</path>
         <kind>object</kind>
         <file>icc.obj</file>
         <name>icc.obj</name>
      </input_file>
      <input_file id="fl-e">
         <path>.\driverlib\MSP430FR2xx_4xx\</path>
         <kind>object</kind>
         <file>lcd_e.obj</file>
         <name>lcd_e.obj</name>
      </input_file>
      <input_file id="fl-f">
         <path>.\driverlib\MSP430FR2xx_4xx\</path>
         <kind>object</kind>
         <file>mpy32.obj</file>
         <name>mpy32.obj</name>
      </input_file>
      <input_file id="fl-10">
         <path>.\driverlib\MSP430FR2xx_4xx\</path>
         <kind>object</kind>
         <file>pmm.obj</file>
         <name>pmm.obj</name>
      </input_file>
      <input_file id="fl-11">
         <path>.\driverlib\MSP430FR2xx_4xx\</path>
         <kind>object</kind>
         <file>rtc.obj</file>
         <name>rtc.obj</name>
      </input_file>
      <input_file id="fl-12">
         <path>.\driverlib\MSP430FR2xx_4xx\</path>
         <kind>object</kind>
         <file>sac.obj</file>
         <name>sac.obj</name>
      </input_file>
      <input_file id="fl-13">
         <path>.\driverlib\MSP430FR2xx_4xx\</path>
         <kind>object</kind>
         <file>sfr.obj</file>
         <name>sfr.obj</name>
      </input_file>
      <input_file id="fl-14">
         <path>.\driverlib\MSP430FR2xx_4xx\</path>
         <kind>object</kind>
         <file>sysctl.obj</file>
         <name>sysctl.obj</name>
      </input_file>
      <input_file id="fl-15">
         <path>.\driverlib\MSP430FR2xx_4xx\</path>
         <kind>object</kind>
         <file>tia.obj</file>
         <name>tia.obj</name>
      </input_file>
      <input_file id="fl-16">
         <path>.\driverlib\MSP430FR2xx_4xx\</path>
         <kind>object</kind>
         <file>timer_a.obj</file>
         <name>timer_a.obj</name>
      </input_file>
      <input_file id="fl-17">
         <path>.\driverlib\MSP430FR2xx_4xx\</path>
         <kind>object</kind>
         <file>timer_b.obj</file>
         <name>timer_b.obj</name>
      </input_file>
      <input_file id="fl-18">
         <path>.\driverlib\MSP430FR2xx_4xx\</path>
         <kind>object</kind>
         <file>tlv.obj</file>
         <name>tlv.obj</name>
      </input_file>
      <input_file id="fl-19">
         <path>.\driverlib\MSP430FR2xx_4xx\</path>
         <kind>object</kind>
         <file>wdt_a.obj</file>
         <name>wdt_a.obj</name>
      </input_file>
      <input_file id="fl-1a">
         <path>.\source\</path>
         <kind>object</kind>
         <file>hal_lcd.obj</file>
         <name>hal_lcd.obj</name>
      </input_file>
      <input_file id="fl-1b">
         <path>.\source\</path>
         <kind>object</kind>
         <file>hall_effect.obj</file>
         <name>hall_effect.obj</name>
      </input_file>
      <input_file id="fl-1c">
         <path>.\source\</path>
         <kind>object</kind>
         <file>keypad.obj</file>
         <name>keypad.obj</name>
      </input_file>
      <input_file id="fl-1d">
         <path>.\source\</path>
         <kind>object</kind>
         <file>motor.obj</file>
         <name>motor.obj</name>
      </input_file>
      <input_file id="fl-1e">
         <path>.\source\</path>
         <kind>object</kind>
         <file>mux.obj</file>
         <name>mux.obj</name>
      </input_file>
      <input_file id="fl-1f">
         <path>.\source\</path>
         <kind>object</kind>
         <file>pushButtons.obj</file>
         <name>pushButtons.obj</name>
      </input_file>
      <input_file id="fl-20">
         <path>.\source\</path>
         <kind>object</kind>
         <file>pwm.obj</file>
         <name>pwm.obj</name>
      </input_file>
      <input_file id="fl-21">
         <path>.\source\</path>
         <kind>object</kind>
         <file>rpm.obj</file>
         <name>rpm.obj</name>
      </input_file>
      <input_file id="fl-22">
         <path>.\source\</path>
         <kind>object</kind>
         <file>timerA.obj</file>
         <name>timerA.obj</name>
      </input_file>
      <input_file id="fl-27">
         <kind>object</kind>
         <file>&lt;internal&gt;</file>
         <name>&lt;internal&gt;</name>
      </input_file>
      <input_file id="fl-3d">
         <path>C:\Software\ccs83\ccsv8\tools\compiler\ti-cgt-msp430_18.1.4.LTS\lib\</path>
         <kind>archive</kind>
         <file>rts430x_lc_sd_eabi.lib</file>
         <name>div16s.asm.obj</name>
      </input_file>
      <input_file id="fl-3e">
         <path>C:\Software\ccs83\ccsv8\tools\compiler\ti-cgt-msp430_18.1.4.LTS\lib\</path>
         <kind>archive</kind>
         <file>rts430x_lc_sd_eabi.lib</file>
         <name>div16u.asm.obj</name>
      </input_file>
      <input_file id="fl-3f">
         <path>C:\Software\ccs83\ccsv8\tools\compiler\ti-cgt-msp430_18.1.4.LTS\lib\</path>
         <kind>archive</kind>
         <file>rts430x_lc_sd_eabi.lib</file>
         <name>div32s.asm.obj</name>
      </input_file>
      <input_file id="fl-40">
         <path>C:\Software\ccs83\ccsv8\tools\compiler\ti-cgt-msp430_18.1.4.LTS\lib\</path>
         <kind>archive</kind>
         <file>rts430x_lc_sd_eabi.lib</file>
         <name>div32u.asm.obj</name>
      </input_file>
      <input_file id="fl-41">
         <path>C:\Software\ccs83\ccsv8\tools\compiler\ti-cgt-msp430_18.1.4.LTS\lib\</path>
         <kind>archive</kind>
         <file>rts430x_lc_sd_eabi.lib</file>
         <name>fs_div.asm.obj</name>
      </input_file>
      <input_file id="fl-42">
         <path>C:\Software\ccs83\ccsv8\tools\compiler\ti-cgt-msp430_18.1.4.LTS\lib\</path>
         <kind>archive</kind>
         <file>rts430x_lc_sd_eabi.lib</file>
         <name>fs_itof.asm.obj</name>
      </input_file>
      <input_file id="fl-43">
         <path>C:\Software\ccs83\ccsv8\tools\compiler\ti-cgt-msp430_18.1.4.LTS\lib\</path>
         <kind>archive</kind>
         <file>rts430x_lc_sd_eabi.lib</file>
         <name>fs_mpy.asm.obj</name>
      </input_file>
      <input_file id="fl-44">
         <path>C:\Software\ccs83\ccsv8\tools\compiler\ti-cgt-msp430_18.1.4.LTS\lib\</path>
         <kind>archive</kind>
         <file>rts430x_lc_sd_eabi.lib</file>
         <name>fs_toi.asm.obj</name>
      </input_file>
      <input_file id="fl-45">
         <path>C:\Software\ccs83\ccsv8\tools\compiler\ti-cgt-msp430_18.1.4.LTS\lib\</path>
         <kind>archive</kind>
         <file>rts430x_lc_sd_eabi.lib</file>
         <name>int45.asm.obj</name>
      </input_file>
      <input_file id="fl-46">
         <path>C:\Software\ccs83\ccsv8\tools\compiler\ti-cgt-msp430_18.1.4.LTS\lib\</path>
         <kind>archive</kind>
         <file>rts430x_lc_sd_eabi.lib</file>
         <name>int48.asm.obj</name>
      </input_file>
      <input_file id="fl-47">
         <path>C:\Software\ccs83\ccsv8\tools\compiler\ti-cgt-msp430_18.1.4.LTS\lib\</path>
         <kind>archive</kind>
         <file>rts430x_lc_sd_eabi.lib</file>
         <name>int49.asm.obj</name>
      </input_file>
      <input_file id="fl-48">
         <path>C:\Software\ccs83\ccsv8\tools\compiler\ti-cgt-msp430_18.1.4.LTS\lib\</path>
         <kind>archive</kind>
         <file>rts430x_lc_sd_eabi.lib</file>
         <name>int50.asm.obj</name>
      </input_file>
      <input_file id="fl-49">
         <path>C:\Software\ccs83\ccsv8\tools\compiler\ti-cgt-msp430_18.1.4.LTS\lib\</path>
         <kind>archive</kind>
         <file>rts430x_lc_sd_eabi.lib</file>
         <name>int51.asm.obj</name>
      </input_file>
      <input_file id="fl-4a">
         <path>C:\Software\ccs83\ccsv8\tools\compiler\ti-cgt-msp430_18.1.4.LTS\lib\</path>
         <kind>archive</kind>
         <file>rts430x_lc_sd_eabi.lib</file>
         <name>int52.asm.obj</name>
      </input_file>
      <input_file id="fl-4b">
         <path>C:\Software\ccs83\ccsv8\tools\compiler\ti-cgt-msp430_18.1.4.LTS\lib\</path>
         <kind>archive</kind>
         <file>rts430x_lc_sd_eabi.lib</file>
         <name>int53.asm.obj</name>
      </input_file>
      <input_file id="fl-4c">
         <path>C:\Software\ccs83\ccsv8\tools\compiler\ti-cgt-msp430_18.1.4.LTS\lib\</path>
         <kind>archive</kind>
         <file>rts430x_lc_sd_eabi.lib</file>
         <name>int54.asm.obj</name>
      </input_file>
      <input_file id="fl-4d">
         <path>C:\Software\ccs83\ccsv8\tools\compiler\ti-cgt-msp430_18.1.4.LTS\lib\</path>
         <kind>archive</kind>
         <file>rts430x_lc_sd_eabi.lib</file>
         <name>int55.asm.obj</name>
      </input_file>
      <input_file id="fl-4e">
         <path>C:\Software\ccs83\ccsv8\tools\compiler\ti-cgt-msp430_18.1.4.LTS\lib\</path>
         <kind>archive</kind>
         <file>rts430x_lc_sd_eabi.lib</file>
         <name>int56.asm.obj</name>
      </input_file>
      <input_file id="fl-4f">
         <path>C:\Software\ccs83\ccsv8\tools\compiler\ti-cgt-msp430_18.1.4.LTS\lib\</path>
         <kind>archive</kind>
         <file>rts430x_lc_sd_eabi.lib</file>
         <name>int57.asm.obj</name>
      </input_file>
      <input_file id="fl-50">
         <path>C:\Software\ccs83\ccsv8\tools\compiler\ti-cgt-msp430_18.1.4.LTS\lib\</path>
         <kind>archive</kind>
         <file>rts430x_lc_sd_eabi.lib</file>
         <name>int58.asm.obj</name>
      </input_file>
      <input_file id="fl-51">
         <path>C:\Software\ccs83\ccsv8\tools\compiler\ti-cgt-msp430_18.1.4.LTS\lib\</path>
         <kind>archive</kind>
         <file>rts430x_lc_sd_eabi.lib</file>
         <name>isr_trap.asm.obj</name>
      </input_file>
      <input_file id="fl-52">
         <path>C:\Software\ccs83\ccsv8\tools\compiler\ti-cgt-msp430_18.1.4.LTS\lib\</path>
         <kind>archive</kind>
         <file>rts430x_lc_sd_eabi.lib</file>
         <name>lsl16.asm.obj</name>
      </input_file>
      <input_file id="fl-53">
         <path>C:\Software\ccs83\ccsv8\tools\compiler\ti-cgt-msp430_18.1.4.LTS\lib\</path>
         <kind>archive</kind>
         <file>rts430x_lc_sd_eabi.lib</file>
         <name>lsr16.asm.obj</name>
      </input_file>
      <input_file id="fl-54">
         <path>C:\Software\ccs83\ccsv8\tools\compiler\ti-cgt-msp430_18.1.4.LTS\lib\</path>
         <kind>archive</kind>
         <file>rts430x_lc_sd_eabi.lib</file>
         <name>mult16.asm.obj</name>
      </input_file>
      <input_file id="fl-55">
         <path>C:\Software\ccs83\ccsv8\tools\compiler\ti-cgt-msp430_18.1.4.LTS\lib\</path>
         <kind>archive</kind>
         <file>rts430x_lc_sd_eabi.lib</file>
         <name>mult32.asm.obj</name>
      </input_file>
      <input_file id="fl-56">
         <path>C:\Software\ccs83\ccsv8\tools\compiler\ti-cgt-msp430_18.1.4.LTS\lib\</path>
         <kind>archive</kind>
         <file>rts430x_lc_sd_eabi.lib</file>
         <name>boot.c.obj</name>
      </input_file>
      <input_file id="fl-57">
         <path>C:\Software\ccs83\ccsv8\tools\compiler\ti-cgt-msp430_18.1.4.LTS\lib\</path>
         <kind>archive</kind>
         <file>rts430x_lc_sd_eabi.lib</file>
         <name>autoinit.c.obj</name>
      </input_file>
      <input_file id="fl-58">
         <path>C:\Software\ccs83\ccsv8\tools\compiler\ti-cgt-msp430_18.1.4.LTS\lib\</path>
         <kind>archive</kind>
         <file>rts430x_lc_sd_eabi.lib</file>
         <name>copy_zero_init.c.obj</name>
      </input_file>
      <input_file id="fl-59">
         <path>C:\Software\ccs83\ccsv8\tools\compiler\ti-cgt-msp430_18.1.4.LTS\lib\</path>
         <kind>archive</kind>
         <file>rts430x_lc_sd_eabi.lib</file>
         <name>cpy_tbl.c.obj</name>
      </input_file>
      <input_file id="fl-5a">
         <path>C:\Software\ccs83\ccsv8\tools\compiler\ti-cgt-msp430_18.1.4.LTS\lib\</path>
         <kind>archive</kind>
         <file>rts430x_lc_sd_eabi.lib</file>
         <name>mpu_init.c.obj</name>
      </input_file>
      <input_file id="fl-5b">
         <path>C:\Software\ccs83\ccsv8\tools\compiler\ti-cgt-msp430_18.1.4.LTS\lib\</path>
         <kind>archive</kind>
         <file>rts430x_lc_sd_eabi.lib</file>
         <name>pre_init.c.obj</name>
      </input_file>
      <input_file id="fl-5c">
         <path>C:\Software\ccs83\ccsv8\tools\compiler\ti-cgt-msp430_18.1.4.LTS\lib\</path>
         <kind>archive</kind>
         <file>rts430x_lc_sd_eabi.lib</file>
         <name>startup.c.obj</name>
      </input_file>
      <input_file id="fl-5d">
         <path>C:\Software\ccs83\ccsv8\tools\compiler\ti-cgt-msp430_18.1.4.LTS\lib\</path>
         <kind>archive</kind>
         <file>rts430x_lc_sd_eabi.lib</file>
         <name>copy_decompress_none.c.obj</name>
      </input_file>
      <input_file id="fl-5e">
         <path>C:\Software\ccs83\ccsv8\tools\compiler\ti-cgt-msp430_18.1.4.LTS\lib\</path>
         <kind>archive</kind>
         <file>rts430x_lc_sd_eabi.lib</file>
         <name>copy_decompress_lzss.c.obj</name>
      </input_file>
      <input_file id="fl-5f">
         <path>C:\Software\ccs83\ccsv8\tools\compiler\ti-cgt-msp430_18.1.4.LTS\lib\</path>
         <kind>archive</kind>
         <file>rts430x_lc_sd_eabi.lib</file>
         <name>cvtdf.c.obj</name>
      </input_file>
      <input_file id="fl-60">
         <path>C:\Software\ccs83\ccsv8\tools\compiler\ti-cgt-msp430_18.1.4.LTS\lib\</path>
         <kind>archive</kind>
         <file>rts430x_lc_sd_eabi.lib</file>
         <name>fltud.c.obj</name>
      </input_file>
      <input_file id="fl-61">
         <path>C:\Software\ccs83\ccsv8\tools\compiler\ti-cgt-msp430_18.1.4.LTS\lib\</path>
         <kind>archive</kind>
         <file>rts430x_lc_sd_eabi.lib</file>
         <name>fltuld.c.obj</name>
      </input_file>
      <input_file id="fl-62">
         <path>C:\Software\ccs83\ccsv8\tools\compiler\ti-cgt-msp430_18.1.4.LTS\lib\</path>
         <kind>archive</kind>
         <file>rts430x_lc_sd_eabi.lib</file>
         <name>mpyd.c.obj</name>
      </input_file>
      <input_file id="fl-63">
         <path>C:\Software\ccs83\ccsv8\tools\compiler\ti-cgt-msp430_18.1.4.LTS\lib\</path>
         <kind>archive</kind>
         <file>rts430x_lc_sd_eabi.lib</file>
         <name>exit.c.obj</name>
      </input_file>
      <input_file id="fl-64">
         <path>C:\Software\ccs83\ccsv8\tools\compiler\ti-cgt-msp430_18.1.4.LTS\lib\</path>
         <kind>archive</kind>
         <file>rts430x_lc_sd_eabi.lib</file>
         <name>_lock.c.obj</name>
      </input_file>
      <input_file id="fl-65">
         <path>C:\Software\ccs83\ccsv8\tools\compiler\ti-cgt-msp430_18.1.4.LTS\lib\</path>
         <kind>archive</kind>
         <file>rts430x_lc_sd_eabi.lib</file>
         <name>args_main.c.obj</name>
      </input_file>
      <input_file id="fl-66">
         <path>C:\Software\ccs83\ccsv8\tools\compiler\ti-cgt-msp430_18.1.4.LTS\lib\</path>
         <kind>archive</kind>
         <file>rts430x_lc_sd_eabi.lib</file>
         <name>atoi.c.obj</name>
      </input_file>
      <input_file id="fl-67">
         <path>C:\Software\ccs83\ccsv8\tools\compiler\ti-cgt-msp430_18.1.4.LTS\lib\</path>
         <kind>archive</kind>
         <file>rts430x_lc_sd_eabi.lib</file>
         <name>ctype.c.obj</name>
      </input_file>
      <input_file id="fl-68">
         <path>C:\Software\ccs83\ccsv8\tools\compiler\ti-cgt-msp430_18.1.4.LTS\lib\</path>
         <kind>archive</kind>
         <file>rts430x_lc_sd_eabi.lib</file>
         <name>memcpy.c.obj</name>
      </input_file>
      <input_file id="fl-69">
         <path>C:\Software\ccs83\ccsv8\tools\compiler\ti-cgt-msp430_18.1.4.LTS\lib\</path>
         <kind>archive</kind>
         <file>rts430x_lc_sd_eabi.lib</file>
         <name>sprintf.c.obj</name>
      </input_file>
      <input_file id="fl-6a">
         <path>C:\Software\ccs83\ccsv8\tools\compiler\ti-cgt-msp430_18.1.4.LTS\lib\</path>
         <kind>archive</kind>
         <file>rts430x_lc_sd_eabi.lib</file>
         <name>strlen.c.obj</name>
      </input_file>
      <input_file id="fl-6b">
         <path>C:\Software\ccs83\ccsv8\tools\compiler\ti-cgt-msp430_18.1.4.LTS\lib\</path>
         <kind>archive</kind>
         <file>rts430x_lc_sd_eabi.lib</file>
         <name>cpy_util.asm.obj</name>
      </input_file>
      <input_file id="fl-6c">
         <path>C:\Software\ccs83\ccsv8\tools\compiler\ti-cgt-msp430_18.1.4.LTS\lib\</path>
         <kind>archive</kind>
         <file>rts430x_lc_sd_eabi.lib</file>
         <name>lsl32.asm.obj</name>
      </input_file>
      <input_file id="fl-6d">
         <path>C:\Software\ccs83\ccsv8\tools\compiler\ti-cgt-msp430_18.1.4.LTS\lib\</path>
         <kind>archive</kind>
         <file>rts430x_lc_sd_eabi.lib</file>
         <name>lsr32.asm.obj</name>
      </input_file>
      <input_file id="fl-6e">
         <path>C:\Software\ccs83\ccsv8\tools\compiler\ti-cgt-msp430_18.1.4.LTS\lib\</path>
         <kind>archive</kind>
         <file>rts430x_lc_sd_eabi.lib</file>
         <name>exit_gvars.c.obj</name>
      </input_file>
      <input_file id="fl-6f">
         <path>C:\Software\ccs83\ccsv8\tools\compiler\ti-cgt-msp430_18.1.4.LTS\lib\</path>
         <kind>archive</kind>
         <file>rts430x_lc_sd_eabi.lib</file>
         <name>lsr64.c.obj</name>
      </input_file>
      <input_file id="fl-70">
         <path>C:\Software\ccs83\ccsv8\tools\compiler\ti-cgt-msp430_18.1.4.LTS\lib\</path>
         <kind>archive</kind>
         <file>rts430x_lc_sd_eabi.lib</file>
         <name>frcmpyd.c.obj</name>
      </input_file>
      <input_file id="fl-71">
         <path>C:\Software\ccs83\ccsv8\tools\compiler\ti-cgt-msp430_18.1.4.LTS\lib\</path>
         <kind>archive</kind>
         <file>rts430x_lc_sd_eabi.lib</file>
         <name>_printfi_min.c.obj</name>
      </input_file>
      <input_file id="fl-72">
         <path>C:\Software\ccs83\ccsv8\tools\compiler\ti-cgt-msp430_18.1.4.LTS\lib\</path>
         <kind>archive</kind>
         <file>rts430x_lc_sd_eabi.lib</file>
         <name>memccpy.c.obj</name>
      </input_file>
      <input_file id="fl-73">
         <path>C:\Software\ccs83\ccsv8\tools\compiler\ti-cgt-msp430_18.1.4.LTS\lib\</path>
         <kind>archive</kind>
         <file>rts430x_lc_sd_eabi.lib</file>
         <name>memset.c.obj</name>
      </input_file>
      <input_file id="fl-74">
         <path>C:\Software\ccs83\ccsv8\tools\compiler\ti-cgt-msp430_18.1.4.LTS\lib\</path>
         <kind>archive</kind>
         <file>rts430x_lc_sd_eabi.lib</file>
         <name>asr32.asm.obj</name>
      </input_file>
   </input_file_list>
   <object_component_list>
      <object_component id="oc-71c">
         <name>__TI_handler_table</name>
         <load_address>0xc400</load_address>
         <run_address>0xc400</run_address>
         <size>0xc</size>
      </object_component>
      <object_component id="oc-71f">
         <name>.cinit..data.load</name>
         <load_address>0xc40c</load_address>
         <run_address>0xc40c</run_address>
         <size>0x7</size>
      </object_component>
      <object_component id="oc-71e">
         <name>.cinit..bss.load</name>
         <load_address>0xc414</load_address>
         <run_address>0xc414</run_address>
         <size>0x6</size>
      </object_component>
      <object_component id="oc-71d">
         <name>__TI_cinit_table</name>
         <load_address>0xc41a</load_address>
         <run_address>0xc41a</run_address>
         <size>0x10</size>
      </object_component>
      <object_component id="oc-6b4">
         <name>.binit</name>
         <load_address>0xc42a</load_address>
         <run_address>0xc42a</run_address>
         <size>0x0</size>
      </object_component>
      <object_component id="oc-4da">
         <name>.const:.string:_ctypes_</name>
         <load_address>0xc42a</load_address>
         <run_address>0xc42a</run_address>
         <size>0x101</size>
         <input_file_ref idref="fl-67"/>
      </object_component>
      <object_component id="oc-39a">
         <name>.const:.string</name>
         <load_address>0xc52c</load_address>
         <run_address>0xc52c</run_address>
         <size>0xde</size>
         <input_file_ref idref="fl-2"/>
      </object_component>
      <object_component id="oc-471">
         <name>.const:alphabetBig</name>
         <load_address>0xc60a</load_address>
         <run_address>0xc60a</run_address>
         <size>0x34</size>
         <input_file_ref idref="fl-1a"/>
      </object_component>
      <object_component id="oc-349">
         <name>.const:GPIO_PORT_TO_BASE</name>
         <load_address>0xc63e</load_address>
         <run_address>0xc63e</run_address>
         <size>0x1c</size>
         <input_file_ref idref="fl-c"/>
      </object_component>
      <object_component id="oc-62d">
         <name>.const:.string</name>
         <load_address>0xc65a</load_address>
         <run_address>0xc65a</run_address>
         <size>0x14</size>
         <input_file_ref idref="fl-71"/>
      </object_component>
      <object_component id="oc-474">
         <name>.const:digit</name>
         <load_address>0xc66e</load_address>
         <run_address>0xc66e</run_address>
         <size>0x14</size>
         <input_file_ref idref="fl-1a"/>
      </object_component>
      <object_component id="oc-698">
         <name>.const:$P$T0$1</name>
         <load_address>0xc682</load_address>
         <run_address>0xc682</run_address>
         <size>0xe</size>
         <input_file_ref idref="fl-22"/>
      </object_component>
      <object_component id="oc-3c6">
         <name>.const:hexaKeys</name>
         <load_address>0xc690</load_address>
         <run_address>0xc690</run_address>
         <size>0xc</size>
         <input_file_ref idref="fl-1c"/>
      </object_component>
      <object_component id="oc-58d">
         <name>.const:$P$T0$1</name>
         <load_address>0xc69c</load_address>
         <run_address>0xc69c</run_address>
         <size>0xa</size>
         <input_file_ref idref="fl-1a"/>
      </object_component>
      <object_component id="oc-5ee">
         <name>.const:$P$T1$2</name>
         <load_address>0xc6a6</load_address>
         <run_address>0xc6a6</run_address>
         <size>0xa</size>
         <input_file_ref idref="fl-22"/>
      </object_component>
      <object_component id="oc-5df">
         <name>.const:$P$T0$1</name>
         <load_address>0xc6b0</load_address>
         <run_address>0xc6b0</run_address>
         <size>0x8</size>
         <input_file_ref idref="fl-20"/>
      </object_component>
      <object_component id="oc-4ce">
         <name>.const:.string:$P$T1$2</name>
         <load_address>0xc6b8</load_address>
         <run_address>0xc6b8</run_address>
         <size>0x6</size>
         <input_file_ref idref="fl-1a"/>
      </object_component>
      <object_component id="oc-451">
         <name>.text:__TI_frcmpyd</name>
         <load_address>0xc6be</load_address>
         <run_address>0xc6be</run_address>
         <size>0x280</size>
         <input_file_ref idref="fl-70"/>
      </object_component>
      <object_component id="oc-361">
         <name>.text:__mspabi_mpyd</name>
         <load_address>0xc93e</load_address>
         <run_address>0xc93e</run_address>
         <size>0x264</size>
         <input_file_ref idref="fl-62"/>
      </object_component>
      <object_component id="oc-321">
         <name>.text:main</name>
         <load_address>0xcba2</load_address>
         <run_address>0xcba2</run_address>
         <size>0x254</size>
         <input_file_ref idref="fl-2"/>
      </object_component>
      <object_component id="oc-30a">
         <name>.text:keyPressed</name>
         <load_address>0xcdf6</load_address>
         <run_address>0xcdf6</run_address>
         <size>0x204</size>
         <input_file_ref idref="fl-1c"/>
      </object_component>
      <object_component id="oc-304">
         <name>.text:hallEffectCalc</name>
         <load_address>0xcffa</load_address>
         <run_address>0xcffa</run_address>
         <size>0x15e</size>
         <input_file_ref idref="fl-2"/>
      </object_component>
      <object_component id="oc-541">
         <name>.text:_setfield</name>
         <load_address>0xd158</load_address>
         <run_address>0xd158</run_address>
         <size>0x10e</size>
         <input_file_ref idref="fl-71"/>
      </object_component>
      <object_component id="oc-2a1">
         <name>.text:_isr:PORT1_VECTOR_ISR</name>
         <load_address>0xd266</load_address>
         <run_address>0xd266</run_address>
         <size>0xf8</size>
         <input_file_ref idref="fl-2"/>
      </object_component>
      <object_component id="oc-64">
         <name>.text:decompress:lzss:__TI_decompress_lzss</name>
         <load_address>0xd35e</load_address>
         <run_address>0xd35e</run_address>
         <size>0xee</size>
         <input_file_ref idref="fl-5e"/>
      </object_component>
      <object_component id="oc-4b5">
         <name>.text:initSetupKeypad</name>
         <load_address>0xd44c</load_address>
         <run_address>0xd44c</run_address>
         <size>0xea</size>
         <input_file_ref idref="fl-1c"/>
      </object_component>
      <object_component id="oc-484">
         <name>.text:__TI_printfi_minimal</name>
         <load_address>0xd536</load_address>
         <run_address>0xd536</run_address>
         <size>0xe4</size>
         <input_file_ref idref="fl-71"/>
      </object_component>
      <object_component id="oc-3e4">
         <name>.text:displayScrollText</name>
         <load_address>0xd61a</load_address>
         <run_address>0xd61a</run_address>
         <size>0xe0</size>
         <input_file_ref idref="fl-1a"/>
      </object_component>
      <object_component id="oc-4bb">
         <name>.text:Init_LCD</name>
         <load_address>0xd6fa</load_address>
         <run_address>0xd6fa</run_address>
         <size>0xd2</size>
         <input_file_ref idref="fl-1a"/>
      </object_component>
      <object_component id="oc-62e">
         <name>.text:_pproc_diouxp</name>
         <load_address>0xd7cc</load_address>
         <run_address>0xd7cc</run_address>
         <size>0xc4</size>
         <input_file_ref idref="fl-71"/>
      </object_component>
      <object_component id="oc-3f6">
         <name>.text</name>
         <load_address>0xd890</load_address>
         <run_address>0xd890</run_address>
         <size>0xb8</size>
         <input_file_ref idref="fl-43"/>
      </object_component>
      <object_component id="oc-5b4">
         <name>.text:LCD_E_setPinAsCOM</name>
         <load_address>0xd948</load_address>
         <run_address>0xd948</run_address>
         <size>0x9e</size>
         <input_file_ref idref="fl-e"/>
      </object_component>
      <object_component id="oc-377">
         <name>.text</name>
         <load_address>0xd9e6</load_address>
         <run_address>0xd9e6</run_address>
         <size>0x90</size>
         <input_file_ref idref="fl-41"/>
      </object_component>
      <object_component id="oc-367">
         <name>.text:__mspabi_cvtdf</name>
         <load_address>0xda76</load_address>
         <run_address>0xda76</run_address>
         <size>0x8c</size>
         <input_file_ref idref="fl-5f"/>
      </object_component>
      <object_component id="oc-587">
         <name>.text:LCD_E_setPinAsLCDFunctionEx</name>
         <load_address>0xdb02</load_address>
         <run_address>0xdb02</run_address>
         <size>0x80</size>
         <input_file_ref idref="fl-e"/>
      </object_component>
      <object_component id="oc-44a">
         <name>.text:__mspabi_fltuld</name>
         <load_address>0xdb82</load_address>
         <run_address>0xdb82</run_address>
         <size>0x80</size>
         <input_file_ref idref="fl-61"/>
      </object_component>
      <object_component id="oc-394">
         <name>.text:showChar</name>
         <load_address>0xdc02</load_address>
         <run_address>0xdc02</run_address>
         <size>0x7a</size>
         <input_file_ref idref="fl-1a"/>
      </object_component>
      <object_component id="oc-3c0">
         <name>.text:setRows</name>
         <load_address>0xdc7c</load_address>
         <run_address>0xdc7c</run_address>
         <size>0x74</size>
         <input_file_ref idref="fl-1c"/>
      </object_component>
      <object_component id="oc-426">
         <name>.text:__TI_auto_init_nobinit_nopinit_hold_wdt:__TI_auto_init_nobinit_nopinit_hold_wdt</name>
         <load_address>0xdcf0</load_address>
         <run_address>0xdcf0</run_address>
         <size>0x6a</size>
         <input_file_ref idref="fl-57"/>
      </object_component>
      <object_component id="oc-4c1">
         <name>.text:setupPushButtons</name>
         <load_address>0xdd5a</load_address>
         <run_address>0xdd5a</run_address>
         <size>0x6a</size>
         <input_file_ref idref="fl-1f"/>
      </object_component>
      <object_component id="oc-37c">
         <name>.text</name>
         <load_address>0xddc4</load_address>
         <run_address>0xddc4</run_address>
         <size>0x68</size>
         <input_file_ref idref="fl-44"/>
      </object_component>
      <object_component id="oc-69b">
         <name>.text:Timer_A_initUpMode</name>
         <load_address>0xde2c</load_address>
         <run_address>0xde2c</run_address>
         <size>0x5c</size>
         <input_file_ref idref="fl-16"/>
      </object_component>
      <object_component id="oc-3f0">
         <name>.text:atoi</name>
         <load_address>0xde88</load_address>
         <run_address>0xde88</run_address>
         <size>0x52</size>
         <input_file_ref idref="fl-66"/>
      </object_component>
      <object_component id="oc-653">
         <name>.text:initTimerA0</name>
         <load_address>0xdeda</load_address>
         <run_address>0xdeda</run_address>
         <size>0x42</size>
         <input_file_ref idref="fl-22"/>
      </object_component>
      <object_component id="oc-5f1">
         <name>.text:Timer_A_initContinuousMode</name>
         <load_address>0xdf1c</load_address>
         <run_address>0xdf1c</run_address>
         <size>0x40</size>
         <input_file_ref idref="fl-16"/>
      </object_component>
      <object_component id="oc-28a">
         <name>.text:__memcpy_far</name>
         <load_address>0xdf5c</load_address>
         <run_address>0xdf5c</run_address>
         <size>0x40</size>
         <input_file_ref idref="fl-6b"/>
      </object_component>
      <object_component id="oc-4a9">
         <name>.text:setupHallEffect</name>
         <load_address>0xdf9c</load_address>
         <run_address>0xdf9c</run_address>
         <size>0x40</size>
         <input_file_ref idref="fl-1b"/>
      </object_component>
      <object_component id="oc-3ea">
         <name>.text:clearLCD</name>
         <load_address>0xdfdc</load_address>
         <run_address>0xdfdc</run_address>
         <size>0x3e</size>
         <input_file_ref idref="fl-1a"/>
      </object_component>
      <object_component id="oc-2a7">
         <name>.text:decompress:ZI:__TI_zero_init_nomemset:__TI_zero_init_nomemset</name>
         <load_address>0xe01a</load_address>
         <run_address>0xe01a</run_address>
         <size>0x3e</size>
         <input_file_ref idref="fl-58"/>
      </object_component>
      <object_component id="oc-529">
         <name>.text:l_asr_const</name>
         <load_address>0xe058</load_address>
         <run_address>0xe058</run_address>
         <size>0x3e</size>
         <input_file_ref idref="fl-74"/>
      </object_component>
      <object_component id="oc-45e">
         <name>.text:l_lsl_const</name>
         <load_address>0xe096</load_address>
         <run_address>0xe096</run_address>
         <size>0x3e</size>
         <input_file_ref idref="fl-6c"/>
      </object_component>
      <object_component id="oc-522">
         <name>.text:l_lsr_const</name>
         <load_address>0xe0d4</load_address>
         <run_address>0xe0d4</run_address>
         <size>0x3e</size>
         <input_file_ref idref="fl-6d"/>
      </object_component>
      <object_component id="oc-6a">
         <name>.text:decompress:none:__TI_decompress_none</name>
         <load_address>0xe112</load_address>
         <run_address>0xe112</run_address>
         <size>0x3c</size>
         <input_file_ref idref="fl-5d"/>
      </object_component>
      <object_component id="oc-4e6">
         <name>.text:initTimerA1</name>
         <load_address>0xe14e</load_address>
         <run_address>0xe14e</run_address>
         <size>0x3a</size>
         <input_file_ref idref="fl-22"/>
      </object_component>
      <object_component id="oc-4e0">
         <name>.text:startPWM</name>
         <load_address>0xe188</load_address>
         <run_address>0xe188</run_address>
         <size>0x3a</size>
         <input_file_ref idref="fl-20"/>
      </object_component>
      <object_component id="oc-39b">
         <name>.text:sprintf</name>
         <load_address>0xe1c2</load_address>
         <run_address>0xe1c2</run_address>
         <size>0x38</size>
         <input_file_ref idref="fl-69"/>
      </object_component>
      <object_component id="oc-3fb">
         <name>.text:startMotor</name>
         <load_address>0xe1fa</load_address>
         <run_address>0xe1fa</run_address>
         <size>0x38</size>
         <input_file_ref idref="fl-1d"/>
      </object_component>
      <object_component id="oc-372">
         <name>.text</name>
         <load_address>0xe232</load_address>
         <run_address>0xe232</run_address>
         <size>0x36</size>
         <input_file_ref idref="fl-42"/>
      </object_component>
      <object_component id="oc-566">
         <name>.text:GPIO_setAsPeripheralModuleFunctionInputPin</name>
         <load_address>0xe268</load_address>
         <run_address>0xe268</run_address>
         <size>0x34</size>
         <input_file_ref idref="fl-c"/>
      </object_component>
      <object_component id="oc-64d">
         <name>.text:GPIO_setAsPeripheralModuleFunctionOutputPin</name>
         <load_address>0xe29c</load_address>
         <run_address>0xe29c</run_address>
         <size>0x34</size>
         <input_file_ref idref="fl-c"/>
      </object_component>
      <object_component id="oc-5e2">
         <name>.text:Timer_A_initCompareMode</name>
         <load_address>0xe2d0</load_address>
         <run_address>0xe2d0</run_address>
         <size>0x2e</size>
         <input_file_ref idref="fl-16"/>
      </object_component>
      <object_component id="oc-382">
         <name>.text</name>
         <load_address>0xe2fe</load_address>
         <run_address>0xe2fe</run_address>
         <size>0x2c</size>
         <input_file_ref idref="fl-3d"/>
      </object_component>
      <object_component id="oc-355">
         <name>.text:Timer_A_getCounterValue</name>
         <load_address>0xe32a</load_address>
         <run_address>0xe32a</run_address>
         <size>0x2a</size>
         <input_file_ref idref="fl-16"/>
      </object_component>
      <object_component id="oc-4a3">
         <name>.text:setupMux</name>
         <load_address>0xe354</load_address>
         <run_address>0xe354</run_address>
         <size>0x2a</size>
         <input_file_ref idref="fl-1e"/>
      </object_component>
      <object_component id="oc-590">
         <name>.text:LCD_E_init</name>
         <load_address>0xe37e</load_address>
         <run_address>0xe37e</run_address>
         <size>0x28</size>
         <input_file_ref idref="fl-e"/>
      </object_component>
      <object_component id="oc-52e">
         <name>.text</name>
         <load_address>0xe3a6</load_address>
         <run_address>0xe3a6</run_address>
         <size>0x26</size>
         <input_file_ref idref="fl-55"/>
      </object_component>
      <object_component id="oc-4af">
         <name>.text:setupMotor</name>
         <load_address>0xe3cc</load_address>
         <run_address>0xe3cc</run_address>
         <size>0x26</size>
         <input_file_ref idref="fl-1d"/>
      </object_component>
      <object_component id="oc-572">
         <name>.text:GPIO_setAsInputPinWithPullUpResistor</name>
         <load_address>0xe3f2</load_address>
         <run_address>0xe3f2</run_address>
         <size>0x22</size>
         <input_file_ref idref="fl-c"/>
      </object_component>
      <object_component id="oc-56c">
         <name>.text:GPIO_selectInterruptEdge</name>
         <load_address>0xe414</load_address>
         <run_address>0xe414</run_address>
         <size>0x20</size>
         <input_file_ref idref="fl-c"/>
      </object_component>
      <object_component id="oc-65f">
         <name>.text:setLCDFunction</name>
         <load_address>0xe434</load_address>
         <run_address>0xe434</run_address>
         <size>0x20</size>
         <input_file_ref idref="fl-e"/>
      </object_component>
      <object_component id="oc-560">
         <name>.text:GPIO_setAsInputPin</name>
         <load_address>0xe454</load_address>
         <run_address>0xe454</run_address>
         <size>0x1e</size>
         <input_file_ref idref="fl-c"/>
      </object_component>
      <object_component id="oc-2b9">
         <name>.text:_isr:_c_int00_noargs</name>
         <load_address>0xe472</load_address>
         <run_address>0xe472</run_address>
         <size>0x1c</size>
         <input_file_ref idref="fl-56"/>
      </object_component>
      <object_component id="oc-3a7">
         <name>.text:stopWheel</name>
         <load_address>0xe48e</load_address>
         <run_address>0xe48e</run_address>
         <size>0x1c</size>
         <input_file_ref idref="fl-1d"/>
      </object_component>
      <object_component id="oc-2f8">
         <name>.text:GPIO_getInputPinValue</name>
         <load_address>0xe4aa</load_address>
         <run_address>0xe4aa</run_address>
         <size>0x1a</size>
         <input_file_ref idref="fl-c"/>
      </object_component>
      <object_component id="oc-559">
         <name>.text:GPIO_setAsOutputPin</name>
         <load_address>0xe4c4</load_address>
         <run_address>0xe4c4</run_address>
         <size>0x1a</size>
         <input_file_ref idref="fl-c"/>
      </object_component>
      <object_component id="oc-634">
         <name>.text:memccpy</name>
         <load_address>0xe4de</load_address>
         <run_address>0xe4de</run_address>
         <size>0x1a</size>
         <input_file_ref idref="fl-72"/>
      </object_component>
      <object_component id="oc-3de">
         <name>.text:setup</name>
         <load_address>0xe4f8</load_address>
         <run_address>0xe4f8</run_address>
         <size>0x1a</size>
         <input_file_ref idref="fl-2"/>
      </object_component>
      <object_component id="oc-29b">
         <name>.text:_isr:pushButtonRight_ISR</name>
         <load_address>0xe512</load_address>
         <run_address>0xe512</run_address>
         <size>0x18</size>
         <input_file_ref idref="fl-2"/>
      </object_component>
      <object_component id="oc-478">
         <name>.text:_outs</name>
         <load_address>0xe52a</load_address>
         <run_address>0xe52a</run_address>
         <size>0x18</size>
         <input_file_ref idref="fl-69"/>
      </object_component>
      <object_component id="oc-2f1">
         <name>.text:GPIO_clearInterrupt</name>
         <load_address>0xe542</load_address>
         <run_address>0xe542</run_address>
         <size>0x16</size>
         <input_file_ref idref="fl-c"/>
      </object_component>
      <object_component id="oc-578">
         <name>.text:GPIO_enableInterrupt</name>
         <load_address>0xe558</load_address>
         <run_address>0xe558</run_address>
         <size>0x16</size>
         <input_file_ref idref="fl-c"/>
      </object_component>
      <object_component id="oc-492">
         <name>.text:GPIO_setOutputHighOnPin</name>
         <load_address>0xe56e</load_address>
         <run_address>0xe56e</run_address>
         <size>0x16</size>
         <input_file_ref idref="fl-c"/>
      </object_component>
      <object_component id="oc-48c">
         <name>.text:GPIO_setOutputLowOnPin</name>
         <load_address>0xe584</load_address>
         <run_address>0xe584</run_address>
         <size>0x16</size>
         <input_file_ref idref="fl-c"/>
      </object_component>
      <object_component id="oc-3d2">
         <name>.text:WDT_A_hold</name>
         <load_address>0xe59a</load_address>
         <run_address>0xe59a</run_address>
         <size>0x16</size>
         <input_file_ref idref="fl-19"/>
      </object_component>
      <object_component id="oc-3b3">
         <name>.text:enableY0</name>
         <load_address>0xe5b0</load_address>
         <run_address>0xe5b0</run_address>
         <size>0x16</size>
         <input_file_ref idref="fl-1e"/>
      </object_component>
      <object_component id="oc-3ad">
         <name>.text:enableY1</name>
         <load_address>0xe5c6</load_address>
         <run_address>0xe5c6</run_address>
         <size>0x16</size>
         <input_file_ref idref="fl-1e"/>
      </object_component>
      <object_component id="oc-3a1">
         <name>.text:enableY2</name>
         <load_address>0xe5dc</load_address>
         <run_address>0xe5dc</run_address>
         <size>0x16</size>
         <input_file_ref idref="fl-1e"/>
      </object_component>
      <object_component id="oc-3b9">
         <name>.text:enableY3</name>
         <load_address>0xe5f2</load_address>
         <run_address>0xe5f2</run_address>
         <size>0x16</size>
         <input_file_ref idref="fl-1e"/>
      </object_component>
      <object_component id="oc-469">
         <name>.text</name>
         <load_address>0xe608</load_address>
         <run_address>0xe608</run_address>
         <size>0x16</size>
         <input_file_ref idref="fl-3e"/>
      </object_component>
      <object_component id="oc-627">
         <name>.text:memset</name>
         <load_address>0xe61e</load_address>
         <run_address>0xe61e</run_address>
         <size>0x14</size>
         <input_file_ref idref="fl-73"/>
      </object_component>
      <object_component id="oc-36d">
         <name>.text</name>
         <load_address>0xe632</load_address>
         <run_address>0xe632</run_address>
         <size>0x14</size>
         <input_file_ref idref="fl-54"/>
      </object_component>
      <object_component id="oc-596">
         <name>.text:LCD_E_setVLCDSource</name>
         <load_address>0xe646</load_address>
         <run_address>0xe646</run_address>
         <size>0x12</size>
         <input_file_ref idref="fl-e"/>
      </object_component>
      <object_component id="oc-47e">
         <name>.text:_outc</name>
         <load_address>0xe658</load_address>
         <run_address>0xe658</run_address>
         <size>0x12</size>
         <input_file_ref idref="fl-69"/>
      </object_component>
      <object_component id="oc-57f">
         <name>.text:initPWM</name>
         <load_address>0xe66a</load_address>
         <run_address>0xe66a</run_address>
         <size>0x12</size>
         <input_file_ref idref="fl-20"/>
      </object_component>
      <object_component id="oc-4d1">
         <name>.text:memcpy</name>
         <load_address>0xe67c</load_address>
         <run_address>0xe67c</run_address>
         <size>0x12</size>
         <input_file_ref idref="fl-68"/>
      </object_component>
      <object_component id="oc-38d">
         <name>.text:HE3</name>
         <load_address>0xe68e</load_address>
         <run_address>0xe68e</run_address>
         <size>0x10</size>
         <input_file_ref idref="fl-1b"/>
      </object_component>
      <object_component id="oc-387">
         <name>.text:HE1</name>
         <load_address>0xe69e</load_address>
         <run_address>0xe69e</run_address>
         <size>0xe</size>
         <input_file_ref idref="fl-1b"/>
      </object_component>
      <object_component id="oc-2fe">
         <name>.text:HE2</name>
         <load_address>0xe6ac</load_address>
         <run_address>0xe6ac</run_address>
         <size>0xe</size>
         <input_file_ref idref="fl-1b"/>
      </object_component>
      <object_component id="oc-4c8">
         <name>.text:strlen</name>
         <load_address>0xe6ba</load_address>
         <run_address>0xe6ba</run_address>
         <size>0xe</size>
         <input_file_ref idref="fl-6a"/>
      </object_component>
      <object_component id="oc-5c0">
         <name>.text:LCD_E_on</name>
         <load_address>0xe6c8</load_address>
         <run_address>0xe6c8</run_address>
         <size>0xc</size>
         <input_file_ref idref="fl-e"/>
      </object_component>
      <object_component id="oc-5a8">
         <name>.text:LCD_E_setChargePumpFreq</name>
         <load_address>0xe6d4</load_address>
         <run_address>0xe6d4</run_address>
         <size>0xc</size>
         <input_file_ref idref="fl-e"/>
      </object_component>
      <object_component id="oc-59c">
         <name>.text:LCD_E_setVLCDVoltage</name>
         <load_address>0xe6e0</load_address>
         <run_address>0xe6e0</run_address>
         <size>0xc</size>
         <input_file_ref idref="fl-e"/>
      </object_component>
      <object_component id="oc-5ba">
         <name>.text:LCD_E_selectDisplayMemory</name>
         <load_address>0xe6ec</load_address>
         <run_address>0xe6ec</run_address>
         <size>0xa</size>
         <input_file_ref idref="fl-e"/>
      </object_component>
      <object_component id="oc-665">
         <name>.text</name>
         <load_address>0xe6f6</load_address>
         <run_address>0xe6f6</run_address>
         <size>0xa</size>
         <input_file_ref idref="fl-52"/>
      </object_component>
      <object_component id="oc-65a">
         <name>.text</name>
         <load_address>0xe700</load_address>
         <run_address>0xe700</run_address>
         <size>0xa</size>
         <input_file_ref idref="fl-53"/>
      </object_component>
      <object_component id="oc-5a2">
         <name>.text:LCD_E_enableChargePump</name>
         <load_address>0xe70a</load_address>
         <run_address>0xe70a</run_address>
         <size>0x8</size>
         <input_file_ref idref="fl-e"/>
      </object_component>
      <object_component id="oc-296">
         <name>.text:_isr:__TI_ISR_TRAP</name>
         <load_address>0xe712</load_address>
         <run_address>0xe712</run_address>
         <size>0x8</size>
         <input_file_ref idref="fl-51"/>
      </object_component>
      <object_component id="oc-5ae">
         <name>.text:LCD_E_clearAllMemory</name>
         <load_address>0xe71a</load_address>
         <run_address>0xe71a</run_address>
         <size>0x6</size>
         <input_file_ref idref="fl-e"/>
      </object_component>
      <object_component id="oc-3d8">
         <name>.text:PMM_unlockLPM5</name>
         <load_address>0xe720</load_address>
         <run_address>0xe720</run_address>
         <size>0x6</size>
         <input_file_ref idref="fl-10"/>
      </object_component>
      <object_component id="oc-35b">
         <name>.text:__mspabi_fltud</name>
         <load_address>0xe726</load_address>
         <run_address>0xe726</run_address>
         <size>0x6</size>
         <input_file_ref idref="fl-60"/>
      </object_component>
      <object_component id="oc-402">
         <name>.text:abort</name>
         <load_address>0xe72c</load_address>
         <run_address>0xe72c</run_address>
         <size>0x6</size>
         <input_file_ref idref="fl-63"/>
      </object_component>
      <object_component id="oc-31b">
         <name>.text:_system_pre_init</name>
         <load_address>0xe732</load_address>
         <run_address>0xe732</run_address>
         <size>0x4</size>
         <input_file_ref idref="fl-5b"/>
      </object_component>
      <object_component id="oc-4ff">
         <name>.text:_system_post_cinit</name>
         <load_address>0xe736</load_address>
         <run_address>0xe736</run_address>
         <size>0x2</size>
         <input_file_ref idref="fl-5c"/>
      </object_component>
      <object_component id="oc-354">
         <name>.bss</name>
         <uninitialized>true</uninitialized>
         <run_address>0x2000</run_address>
         <size>0x4</size>
         <input_file_ref idref="fl-2"/>
      </object_component>
      <object_component id="oc-310">
         <name>.common:chr</name>
         <uninitialized>true</uninitialized>
         <run_address>0x2008</run_address>
         <size>0x1</size>
      </object_component>
      <object_component id="oc-381">
         <name>.common:distance</name>
         <uninitialized>true</uninitialized>
         <run_address>0x2006</run_address>
         <size>0x2</size>
      </object_component>
      <object_component id="oc-393">
         <name>.common:dir</name>
         <uninitialized>true</uninitialized>
         <run_address>0x2004</run_address>
         <size>0x2</size>
      </object_component>
      <object_component id="oc-2ee">
         <name>.data</name>
         <load_address>0x2009</load_address>
         <run_address>0x2009</run_address>
         <size>0x4</size>
         <input_file_ref idref="fl-2"/>
      </object_component>
      <object_component id="oc-27b">
         <name>.stack</name>
         <uninitialized>true</uninitialized>
         <run_address>0x2760</run_address>
         <size>0x2</size>
         <input_file_ref idref="fl-56"/>
      </object_component>
      <object_component id="oc-720">
         <name>.stack</name>
         <uninitialized>true</uninitialized>
         <run_address>0x2760</run_address>
         <size>0x0</size>
      </object_component>
      <object_component id="oc-70">
         <name>.int45</name>
         <load_address>0xffe2</load_address>
         <run_address>0xffe2</run_address>
         <size>0x2</size>
         <input_file_ref idref="fl-45"/>
      </object_component>
      <object_component id="oc-71">
         <name>.int46</name>
         <load_address>0xffe4</load_address>
         <run_address>0xffe4</run_address>
         <size>0x2</size>
         <input_file_ref idref="fl-2"/>
      </object_component>
      <object_component id="oc-72">
         <name>.int47</name>
         <load_address>0xffe6</load_address>
         <run_address>0xffe6</run_address>
         <size>0x2</size>
         <input_file_ref idref="fl-2"/>
      </object_component>
      <object_component id="oc-73">
         <name>.int48</name>
         <load_address>0xffe8</load_address>
         <run_address>0xffe8</run_address>
         <size>0x2</size>
         <input_file_ref idref="fl-46"/>
      </object_component>
      <object_component id="oc-74">
         <name>.int49</name>
         <load_address>0xffea</load_address>
         <run_address>0xffea</run_address>
         <size>0x2</size>
         <input_file_ref idref="fl-47"/>
      </object_component>
      <object_component id="oc-75">
         <name>.int50</name>
         <load_address>0xffec</load_address>
         <run_address>0xffec</run_address>
         <size>0x2</size>
         <input_file_ref idref="fl-48"/>
      </object_component>
      <object_component id="oc-76">
         <name>.int51</name>
         <load_address>0xffee</load_address>
         <run_address>0xffee</run_address>
         <size>0x2</size>
         <input_file_ref idref="fl-49"/>
      </object_component>
      <object_component id="oc-77">
         <name>.int52</name>
         <load_address>0xfff0</load_address>
         <run_address>0xfff0</run_address>
         <size>0x2</size>
         <input_file_ref idref="fl-4a"/>
      </object_component>
      <object_component id="oc-78">
         <name>.int53</name>
         <load_address>0xfff2</load_address>
         <run_address>0xfff2</run_address>
         <size>0x2</size>
         <input_file_ref idref="fl-4b"/>
      </object_component>
      <object_component id="oc-79">
         <name>.int54</name>
         <load_address>0xfff4</load_address>
         <run_address>0xfff4</run_address>
         <size>0x2</size>
         <input_file_ref idref="fl-4c"/>
      </object_component>
      <object_component id="oc-7a">
         <name>.int55</name>
         <load_address>0xfff6</load_address>
         <run_address>0xfff6</run_address>
         <size>0x2</size>
         <input_file_ref idref="fl-4d"/>
      </object_component>
      <object_component id="oc-7b">
         <name>.int56</name>
         <load_address>0xfff8</load_address>
         <run_address>0xfff8</run_address>
         <size>0x2</size>
         <input_file_ref idref="fl-4e"/>
      </object_component>
      <object_component id="oc-7c">
         <name>.int57</name>
         <load_address>0xfffa</load_address>
         <run_address>0xfffa</run_address>
         <size>0x2</size>
         <input_file_ref idref="fl-4f"/>
      </object_component>
      <object_component id="oc-7d">
         <name>.int58</name>
         <load_address>0xfffc</load_address>
         <run_address>0xfffc</run_address>
         <size>0x2</size>
         <input_file_ref idref="fl-50"/>
      </object_component>
      <object_component id="oc-27e">
         <name>.reset</name>
         <load_address>0xfffe</load_address>
         <run_address>0xfffe</run_address>
         <size>0x2</size>
         <input_file_ref idref="fl-56"/>
      </object_component>
      <object_component id="oc-311">
         <name>.debug_info</name>
         <load_address>0x0</load_address>
         <run_address>0x0</run_address>
         <size>0x5f5</size>
         <input_file_ref idref="fl-2"/>
      </object_component>
      <object_component id="oc-2ef">
         <name>.debug_info</name>
         <load_address>0x5f5</load_address>
         <run_address>0x5f5</run_address>
         <size>0x137</size>
         <input_file_ref idref="fl-2"/>
      </object_component>
      <object_component id="oc-3e0">
         <name>.debug_info</name>
         <load_address>0x72c</load_address>
         <run_address>0x72c</run_address>
         <size>0x154</size>
         <input_file_ref idref="fl-2"/>
      </object_component>
      <object_component id="oc-29d">
         <name>.debug_info</name>
         <load_address>0x880</load_address>
         <run_address>0x880</run_address>
         <size>0x119</size>
         <input_file_ref idref="fl-2"/>
      </object_component>
      <object_component id="oc-323">
         <name>.debug_info</name>
         <load_address>0x999</load_address>
         <run_address>0x999</run_address>
         <size>0x346</size>
         <input_file_ref idref="fl-2"/>
      </object_component>
      <object_component id="oc-306">
         <name>.debug_info</name>
         <load_address>0xcdf</load_address>
         <run_address>0xcdf</run_address>
         <size>0x370</size>
         <input_file_ref idref="fl-2"/>
      </object_component>
      <object_component id="oc-2a3">
         <name>.debug_info</name>
         <load_address>0x104f</load_address>
         <run_address>0x104f</run_address>
         <size>0x34d</size>
         <input_file_ref idref="fl-2"/>
      </object_component>
      <object_component id="oc-3cc">
         <name>.debug_info</name>
         <load_address>0x139c</load_address>
         <run_address>0x139c</run_address>
         <size>0x26b</size>
         <input_file_ref idref="fl-2"/>
      </object_component>
      <object_component id="oc-5c7">
         <name>.debug_info</name>
         <load_address>0x1607</load_address>
         <run_address>0x1607</run_address>
         <size>0x9e</size>
         <input_file_ref idref="fl-2"/>
      </object_component>
      <object_component id="oc-5e9">
         <name>.debug_info</name>
         <load_address>0x16a5</load_address>
         <run_address>0x16a5</run_address>
         <size>0x392</size>
         <input_file_ref idref="fl-2"/>
      </object_component>
      <object_component id="oc-344">
         <name>.debug_info</name>
         <load_address>0x1a37</load_address>
         <run_address>0x1a37</run_address>
         <size>0x8b</size>
         <input_file_ref idref="fl-2"/>
      </object_component>
      <object_component id="oc-444">
         <name>.debug_info</name>
         <load_address>0x1ac2</load_address>
         <run_address>0x1ac2</run_address>
         <size>0x275</size>
         <input_file_ref idref="fl-2"/>
      </object_component>
      <object_component id="oc-34d">
         <name>.debug_info</name>
         <load_address>0x1d37</load_address>
         <run_address>0x1d37</run_address>
         <size>0xbb</size>
         <input_file_ref idref="fl-2"/>
      </object_component>
      <object_component id="oc-549">
         <name>.debug_info</name>
         <load_address>0x1df2</load_address>
         <run_address>0x1df2</run_address>
         <size>0x2c</size>
         <input_file_ref idref="fl-2"/>
      </object_component>
      <object_component id="oc-285">
         <name>.debug_info</name>
         <load_address>0x1e1e</load_address>
         <run_address>0x1e1e</run_address>
         <size>0x84</size>
         <input_file_ref idref="fl-4"/>
      </object_component>
      <object_component id="oc-443">
         <name>.debug_info</name>
         <load_address>0x1ea2</load_address>
         <run_address>0x1ea2</run_address>
         <size>0x156</size>
         <input_file_ref idref="fl-c"/>
      </object_component>
      <object_component id="oc-34a">
         <name>.debug_info</name>
         <load_address>0x1ff8</load_address>
         <run_address>0x1ff8</run_address>
         <size>0xe9</size>
         <input_file_ref idref="fl-c"/>
      </object_component>
      <object_component id="oc-48e">
         <name>.debug_info</name>
         <load_address>0x20e1</load_address>
         <run_address>0x20e1</run_address>
         <size>0x1f8</size>
         <input_file_ref idref="fl-c"/>
      </object_component>
      <object_component id="oc-494">
         <name>.debug_info</name>
         <load_address>0x22d9</load_address>
         <run_address>0x22d9</run_address>
         <size>0x1fa</size>
         <input_file_ref idref="fl-c"/>
      </object_component>
      <object_component id="oc-64f">
         <name>.debug_info</name>
         <load_address>0x24d3</load_address>
         <run_address>0x24d3</run_address>
         <size>0x241</size>
         <input_file_ref idref="fl-c"/>
      </object_component>
      <object_component id="oc-568">
         <name>.debug_info</name>
         <load_address>0x2714</load_address>
         <run_address>0x2714</run_address>
         <size>0x240</size>
         <input_file_ref idref="fl-c"/>
      </object_component>
      <object_component id="oc-55b">
         <name>.debug_info</name>
         <load_address>0x2954</load_address>
         <run_address>0x2954</run_address>
         <size>0x1ef</size>
         <input_file_ref idref="fl-c"/>
      </object_component>
      <object_component id="oc-574">
         <name>.debug_info</name>
         <load_address>0x2b43</load_address>
         <run_address>0x2b43</run_address>
         <size>0x214</size>
         <input_file_ref idref="fl-c"/>
      </object_component>
      <object_component id="oc-563">
         <name>.debug_info</name>
         <load_address>0x2d57</load_address>
         <run_address>0x2d57</run_address>
         <size>0x1ed</size>
         <input_file_ref idref="fl-c"/>
      </object_component>
      <object_component id="oc-56f">
         <name>.debug_info</name>
         <load_address>0x2f44</load_address>
         <run_address>0x2f44</run_address>
         <size>0x236</size>
         <input_file_ref idref="fl-c"/>
      </object_component>
      <object_component id="oc-2fb">
         <name>.debug_info</name>
         <load_address>0x317a</load_address>
         <run_address>0x317a</run_address>
         <size>0x1fa</size>
         <input_file_ref idref="fl-c"/>
      </object_component>
      <object_component id="oc-57b">
         <name>.debug_info</name>
         <load_address>0x3374</load_address>
         <run_address>0x3374</run_address>
         <size>0x1f4</size>
         <input_file_ref idref="fl-c"/>
      </object_component>
      <object_component id="oc-2f4">
         <name>.debug_info</name>
         <load_address>0x3568</load_address>
         <run_address>0x3568</run_address>
         <size>0x1f2</size>
         <input_file_ref idref="fl-c"/>
      </object_component>
      <object_component id="oc-66e">
         <name>.debug_info</name>
         <load_address>0x375a</load_address>
         <run_address>0x375a</run_address>
         <size>0x14f</size>
         <input_file_ref idref="fl-e"/>
      </object_component>
      <object_component id="oc-59d">
         <name>.debug_info</name>
         <load_address>0x38a9</load_address>
         <run_address>0x38a9</run_address>
         <size>0x1bd</size>
         <input_file_ref idref="fl-e"/>
      </object_component>
      <object_component id="oc-597">
         <name>.debug_info</name>
         <load_address>0x3a66</load_address>
         <run_address>0x3a66</run_address>
         <size>0x1c3</size>
         <input_file_ref idref="fl-e"/>
      </object_component>
      <object_component id="oc-660">
         <name>.debug_info</name>
         <load_address>0x3c29</load_address>
         <run_address>0x3c29</run_address>
         <size>0x1ce</size>
         <input_file_ref idref="fl-e"/>
      </object_component>
      <object_component id="oc-588">
         <name>.debug_info</name>
         <load_address>0x3df7</load_address>
         <run_address>0x3df7</run_address>
         <size>0x316</size>
         <input_file_ref idref="fl-e"/>
      </object_component>
      <object_component id="oc-5b5">
         <name>.debug_info</name>
         <load_address>0x410d</load_address>
         <run_address>0x410d</run_address>
         <size>0x211</size>
         <input_file_ref idref="fl-e"/>
      </object_component>
      <object_component id="oc-5a9">
         <name>.debug_info</name>
         <load_address>0x431e</load_address>
         <run_address>0x431e</run_address>
         <size>0x1b7</size>
         <input_file_ref idref="fl-e"/>
      </object_component>
      <object_component id="oc-5bb">
         <name>.debug_info</name>
         <load_address>0x44d5</load_address>
         <run_address>0x44d5</run_address>
         <size>0x1df</size>
         <input_file_ref idref="fl-e"/>
      </object_component>
      <object_component id="oc-5c1">
         <name>.debug_info</name>
         <load_address>0x46b4</load_address>
         <run_address>0x46b4</run_address>
         <size>0x177</size>
         <input_file_ref idref="fl-e"/>
      </object_component>
      <object_component id="oc-591">
         <name>.debug_info</name>
         <load_address>0x482b</load_address>
         <run_address>0x482b</run_address>
         <size>0x1b5</size>
         <input_file_ref idref="fl-e"/>
      </object_component>
      <object_component id="oc-5a3">
         <name>.debug_info</name>
         <load_address>0x49e0</load_address>
         <run_address>0x49e0</run_address>
         <size>0x193</size>
         <input_file_ref idref="fl-e"/>
      </object_component>
      <object_component id="oc-5af">
         <name>.debug_info</name>
         <load_address>0x4b73</load_address>
         <run_address>0x4b73</run_address>
         <size>0x18f</size>
         <input_file_ref idref="fl-e"/>
      </object_component>
      <object_component id="oc-3d9">
         <name>.debug_info</name>
         <load_address>0x4d02</load_address>
         <run_address>0x4d02</run_address>
         <size>0x13f</size>
         <input_file_ref idref="fl-10"/>
      </object_component>
      <object_component id="oc-681">
         <name>.debug_info</name>
         <load_address>0x4e41</load_address>
         <run_address>0x4e41</run_address>
         <size>0x16a</size>
         <input_file_ref idref="fl-16"/>
      </object_component>
      <object_component id="oc-69c">
         <name>.debug_info</name>
         <load_address>0x4fab</load_address>
         <run_address>0x4fab</run_address>
         <size>0x1b7</size>
         <input_file_ref idref="fl-16"/>
      </object_component>
      <object_component id="oc-5f2">
         <name>.debug_info</name>
         <load_address>0x5162</load_address>
         <run_address>0x5162</run_address>
         <size>0x1c7</size>
         <input_file_ref idref="fl-16"/>
      </object_component>
      <object_component id="oc-5e3">
         <name>.debug_info</name>
         <load_address>0x5329</load_address>
         <run_address>0x5329</run_address>
         <size>0x1c1</size>
         <input_file_ref idref="fl-16"/>
      </object_component>
      <object_component id="oc-356">
         <name>.debug_info</name>
         <load_address>0x54ea</load_address>
         <run_address>0x54ea</run_address>
         <size>0x1df</size>
         <input_file_ref idref="fl-16"/>
      </object_component>
      <object_component id="oc-3d3">
         <name>.debug_info</name>
         <load_address>0x56c9</load_address>
         <run_address>0x56c9</run_address>
         <size>0x19c</size>
         <input_file_ref idref="fl-19"/>
      </object_component>
      <object_component id="oc-4d8">
         <name>.debug_info</name>
         <load_address>0x5865</load_address>
         <run_address>0x5865</run_address>
         <size>0x480</size>
         <input_file_ref idref="fl-1a"/>
      </object_component>
      <object_component id="oc-475">
         <name>.debug_info</name>
         <load_address>0x5ce5</load_address>
         <run_address>0x5ce5</run_address>
         <size>0xc2</size>
         <input_file_ref idref="fl-1a"/>
      </object_component>
      <object_component id="oc-472">
         <name>.debug_info</name>
         <load_address>0x5da7</load_address>
         <run_address>0x5da7</run_address>
         <size>0xce</size>
         <input_file_ref idref="fl-1a"/>
      </object_component>
      <object_component id="oc-58e">
         <name>.debug_info</name>
         <load_address>0x5e75</load_address>
         <run_address>0x5e75</run_address>
         <size>0xc5</size>
         <input_file_ref idref="fl-1a"/>
      </object_component>
      <object_component id="oc-4cf">
         <name>.debug_info</name>
         <load_address>0x5f3a</load_address>
         <run_address>0x5f3a</run_address>
         <size>0xc5</size>
         <input_file_ref idref="fl-1a"/>
      </object_component>
      <object_component id="oc-397">
         <name>.debug_info</name>
         <load_address>0x5fff</load_address>
         <run_address>0x5fff</run_address>
         <size>0x162</size>
         <input_file_ref idref="fl-1a"/>
      </object_component>
      <object_component id="oc-3ed">
         <name>.debug_info</name>
         <load_address>0x6161</load_address>
         <run_address>0x6161</run_address>
         <size>0x106</size>
         <input_file_ref idref="fl-1a"/>
      </object_component>
      <object_component id="oc-3e7">
         <name>.debug_info</name>
         <load_address>0x6267</load_address>
         <run_address>0x6267</run_address>
         <size>0x210</size>
         <input_file_ref idref="fl-1a"/>
      </object_component>
      <object_component id="oc-4be">
         <name>.debug_info</name>
         <load_address>0x6477</load_address>
         <run_address>0x6477</run_address>
         <size>0x2a0</size>
         <input_file_ref idref="fl-1a"/>
      </object_component>
      <object_component id="oc-5ce">
         <name>.debug_info</name>
         <load_address>0x6717</load_address>
         <run_address>0x6717</run_address>
         <size>0x2c</size>
         <input_file_ref idref="fl-1a"/>
      </object_component>
      <object_component id="oc-4aa">
         <name>.debug_info</name>
         <load_address>0x6743</load_address>
         <run_address>0x6743</run_address>
         <size>0x202</size>
         <input_file_ref idref="fl-1b"/>
      </object_component>
      <object_component id="oc-38f">
         <name>.debug_info</name>
         <load_address>0x6945</load_address>
         <run_address>0x6945</run_address>
         <size>0x128</size>
         <input_file_ref idref="fl-1b"/>
      </object_component>
      <object_component id="oc-300">
         <name>.debug_info</name>
         <load_address>0x6a6d</load_address>
         <run_address>0x6a6d</run_address>
         <size>0x137</size>
         <input_file_ref idref="fl-1b"/>
      </object_component>
      <object_component id="oc-389">
         <name>.debug_info</name>
         <load_address>0x6ba4</load_address>
         <run_address>0x6ba4</run_address>
         <size>0x128</size>
         <input_file_ref idref="fl-1b"/>
      </object_component>
      <object_component id="oc-4a0">
         <name>.debug_info</name>
         <load_address>0x6ccc</load_address>
         <run_address>0x6ccc</run_address>
         <size>0x3fe</size>
         <input_file_ref idref="fl-1c"/>
      </object_component>
      <object_component id="oc-3c7">
         <name>.debug_info</name>
         <load_address>0x70ca</load_address>
         <run_address>0x70ca</run_address>
         <size>0xc6</size>
         <input_file_ref idref="fl-1c"/>
      </object_component>
      <object_component id="oc-3c1">
         <name>.debug_info</name>
         <load_address>0x7190</load_address>
         <run_address>0x7190</run_address>
         <size>0x254</size>
         <input_file_ref idref="fl-1c"/>
      </object_component>
      <object_component id="oc-30b">
         <name>.debug_info</name>
         <load_address>0x73e4</load_address>
         <run_address>0x73e4</run_address>
         <size>0x3d6</size>
         <input_file_ref idref="fl-1c"/>
      </object_component>
      <object_component id="oc-4b6">
         <name>.debug_info</name>
         <load_address>0x77ba</load_address>
         <run_address>0x77ba</run_address>
         <size>0x3fd</size>
         <input_file_ref idref="fl-1c"/>
      </object_component>
      <object_component id="oc-3a9">
         <name>.debug_info</name>
         <load_address>0x7bb7</load_address>
         <run_address>0x7bb7</run_address>
         <size>0x15a</size>
         <input_file_ref idref="fl-1d"/>
      </object_component>
      <object_component id="oc-3fc">
         <name>.debug_info</name>
         <load_address>0x7d11</load_address>
         <run_address>0x7d11</run_address>
         <size>0x1f8</size>
         <input_file_ref idref="fl-1d"/>
      </object_component>
      <object_component id="oc-4b0">
         <name>.debug_info</name>
         <load_address>0x7f09</load_address>
         <run_address>0x7f09</run_address>
         <size>0x180</size>
         <input_file_ref idref="fl-1d"/>
      </object_component>
      <object_component id="oc-4a4">
         <name>.debug_info</name>
         <load_address>0x8089</load_address>
         <run_address>0x8089</run_address>
         <size>0x168</size>
         <input_file_ref idref="fl-1e"/>
      </object_component>
      <object_component id="oc-3ba">
         <name>.debug_info</name>
         <load_address>0x81f1</load_address>
         <run_address>0x81f1</run_address>
         <size>0x136</size>
         <input_file_ref idref="fl-1e"/>
      </object_component>
      <object_component id="oc-3a2">
         <name>.debug_info</name>
         <load_address>0x8327</load_address>
         <run_address>0x8327</run_address>
         <size>0x135</size>
         <input_file_ref idref="fl-1e"/>
      </object_component>
      <object_component id="oc-3ae">
         <name>.debug_info</name>
         <load_address>0x845c</load_address>
         <run_address>0x845c</run_address>
         <size>0x135</size>
         <input_file_ref idref="fl-1e"/>
      </object_component>
      <object_component id="oc-3b4">
         <name>.debug_info</name>
         <load_address>0x8591</load_address>
         <run_address>0x8591</run_address>
         <size>0x134</size>
         <input_file_ref idref="fl-1e"/>
      </object_component>
      <object_component id="oc-4c3">
         <name>.debug_info</name>
         <load_address>0x86c5</load_address>
         <run_address>0x86c5</run_address>
         <size>0x282</size>
         <input_file_ref idref="fl-1f"/>
      </object_component>
      <object_component id="oc-67f">
         <name>.debug_info</name>
         <load_address>0x8947</load_address>
         <run_address>0x8947</run_address>
         <size>0x211</size>
         <input_file_ref idref="fl-20"/>
      </object_component>
      <object_component id="oc-5e0">
         <name>.debug_info</name>
         <load_address>0x8b58</load_address>
         <run_address>0x8b58</run_address>
         <size>0xc1</size>
         <input_file_ref idref="fl-20"/>
      </object_component>
      <object_component id="oc-4e1">
         <name>.debug_info</name>
         <load_address>0x8c19</load_address>
         <run_address>0x8c19</run_address>
         <size>0x174</size>
         <input_file_ref idref="fl-20"/>
      </object_component>
      <object_component id="oc-580">
         <name>.debug_info</name>
         <load_address>0x8d8d</load_address>
         <run_address>0x8d8d</run_address>
         <size>0x13c</size>
         <input_file_ref idref="fl-20"/>
      </object_component>
      <object_component id="oc-684">
         <name>.debug_info</name>
         <load_address>0x8ec9</load_address>
         <run_address>0x8ec9</run_address>
         <size>0x1d0</size>
         <input_file_ref idref="fl-22"/>
      </object_component>
      <object_component id="oc-699">
         <name>.debug_info</name>
         <load_address>0x9099</load_address>
         <run_address>0x9099</run_address>
         <size>0xc4</size>
         <input_file_ref idref="fl-22"/>
      </object_component>
      <object_component id="oc-5ef">
         <name>.debug_info</name>
         <load_address>0x915d</load_address>
         <run_address>0x915d</run_address>
         <size>0xc4</size>
         <input_file_ref idref="fl-22"/>
      </object_component>
      <object_component id="oc-4e7">
         <name>.debug_info</name>
         <load_address>0x9221</load_address>
         <run_address>0x9221</run_address>
         <size>0x153</size>
         <input_file_ref idref="fl-22"/>
      </object_component>
      <object_component id="oc-654">
         <name>.debug_info</name>
         <load_address>0x9374</load_address>
         <run_address>0x9374</run_address>
         <size>0x143</size>
         <input_file_ref idref="fl-22"/>
      </object_component>
      <object_component id="oc-384">
         <name>.debug_info</name>
         <load_address>0x94b7</load_address>
         <run_address>0x94b7</run_address>
         <size>0x138</size>
         <input_file_ref idref="fl-3d"/>
      </object_component>
      <object_component id="oc-46b">
         <name>.debug_info</name>
         <load_address>0x95ef</load_address>
         <run_address>0x95ef</run_address>
         <size>0x124</size>
         <input_file_ref idref="fl-3e"/>
      </object_component>
      <object_component id="oc-378">
         <name>.debug_info</name>
         <load_address>0x9713</load_address>
         <run_address>0x9713</run_address>
         <size>0x124</size>
         <input_file_ref idref="fl-41"/>
      </object_component>
      <object_component id="oc-375">
         <name>.debug_info</name>
         <load_address>0x9837</load_address>
         <run_address>0x9837</run_address>
         <size>0x12d</size>
         <input_file_ref idref="fl-42"/>
      </object_component>
[...]
         <value>0xdfdc</value>
         <object_component_ref idref="oc-3ea"/>
      </symbol>
      <symbol id="sm-466">
         <name>displayScrollText</name>
         <value>0xd61a</value>
         <object_component_ref idref="oc-3e4"/>
      </symbol>
      <symbol id="sm-467">
         <name>showChar</name>
         <value>0xdc02</value>
         <object_component_ref idref="oc-394"/>
      </symbol>
      <symbol id="sm-468">
         <name>Init_LCD</name>
         <value>0xd6fa</value>
         <object_component_ref idref="oc-4bb"/>
      </symbol>
      <symbol id="sm-469">
         <name>alphabetBig</name>
         <value>0xc60a</value>
         <object_component_ref idref="oc-471"/>
      </symbol>
      <symbol id="sm-46a">
         <name>digit</name>
         <value>0xc66e</value>
         <object_component_ref idref="oc-474"/>
      </symbol>
      <symbol id="sm-488">
         <name>setupHallEffect</name>
         <value>0xdf9c</value>
         <object_component_ref idref="oc-4a9"/>
      </symbol>
      <symbol id="sm-489">
         <name>HE3</name>
         <value>0xe68e</value>
         <object_component_ref idref="oc-38d"/>
      </symbol>
      <symbol id="sm-48a">
         <name>HE2</name>
         <value>0xe6ac</value>
         <object_component_ref idref="oc-2fe"/>
      </symbol>
      <symbol id="sm-48b">
         <name>HE1</name>
         <value>0xe69e</value>
         <object_component_ref idref="oc-387"/>
      </symbol>
      <symbol id="sm-4c0">
         <name>keyPressed</name>
         <value>0xcdf6</value>
         <object_component_ref idref="oc-30a"/>
      </symbol>
      <symbol id="sm-4c1">
         <name>initSetupKeypad</name>
         <value>0xd44c</value>
         <object_component_ref idref="oc-4b5"/>
      </symbol>
      <symbol id="sm-4da">
         <name>startMotor</name>
         <value>0xe1fa</value>
         <object_component_ref idref="oc-3fb"/>
      </symbol>
      <symbol id="sm-4db">
         <name>setupMotor</name>
         <value>0xe3cc</value>
         <object_component_ref idref="oc-4af"/>
      </symbol>
      <symbol id="sm-4dc">
         <name>stopWheel</name>
         <value>0xe48e</value>
         <object_component_ref idref="oc-3a7"/>
      </symbol>
      <symbol id="sm-501">
         <name>setupMux</name>
         <value>0xe354</value>
         <object_component_ref idref="oc-4a3"/>
      </symbol>
      <symbol id="sm-502">
         <name>enableY1</name>
         <value>0xe5c6</value>
         <object_component_ref idref="oc-3ad"/>
      </symbol>
      <symbol id="sm-503">
         <name>enableY0</name>
         <value>0xe5b0</value>
         <object_component_ref idref="oc-3b3"/>
      </symbol>
      <symbol id="sm-504">
         <name>enableY3</name>
         <value>0xe5f2</value>
         <object_component_ref idref="oc-3b9"/>
      </symbol>
      <symbol id="sm-505">
         <name>enableY2</name>
         <value>0xe5dc</value>
         <object_component_ref idref="oc-3a1"/>
      </symbol>
      <symbol id="sm-50e">
         <name>setupPushButtons</name>
         <value>0xdd5a</value>
         <object_component_ref idref="oc-4c1"/>
      </symbol>
      <symbol id="sm-527">
         <name>initPWM</name>
         <value>0xe66a</value>
         <object_component_ref idref="oc-57f"/>
      </symbol>
      <symbol id="sm-528">
         <name>startPWM</name>
         <value>0xe188</value>
         <object_component_ref idref="oc-4e0"/>
      </symbol>
      <symbol id="sm-548">
         <name>initTimerA0</name>
         <value>0xdeda</value>
         <object_component_ref idref="oc-653"/>
      </symbol>
      <symbol id="sm-549">
         <name>initTimerA1</name>
         <value>0xe14e</value>
         <object_component_ref idref="oc-4e6"/>
      </symbol>
      <symbol id="sm-555">
         <name>__mspabi_remi</name>
         <value>0xe2fe</value>
         <object_component_ref idref="oc-382"/>
      </symbol>
      <symbol id="sm-556">
         <name>__mspabi_divi</name>
         <value>0xe2fe</value>
         <object_component_ref idref="oc-382"/>
      </symbol>
      <symbol id="sm-560">
         <name>__mspabi_remu</name>
         <value>0xe608</value>
         <object_component_ref idref="oc-469"/>
      </symbol>
      <symbol id="sm-561">
         <name>__mspabi_divu</name>
         <value>0xe608</value>
         <object_component_ref idref="oc-469"/>
      </symbol>
      <symbol id="sm-575">
         <name>__mspabi_divf</name>
         <value>0xd9e6</value>
         <object_component_ref idref="oc-377"/>
      </symbol>
      <symbol id="sm-582">
         <name>__mspabi_fltif</name>
         <value>0xe232</value>
         <object_component_ref idref="oc-372"/>
      </symbol>
      <symbol id="sm-599">
         <name>__mspabi_mpyf</name>
         <value>0xd890</value>
         <object_component_ref idref="oc-3f6"/>
      </symbol>
      <symbol id="sm-5ab">
         <name>__mspabi_fixfi</name>
         <value>0xddc4</value>
         <object_component_ref idref="oc-37c"/>
      </symbol>
      <symbol id="sm-5ae">
         <name>__TI_int45</name>
         <value>0xffe2</value>
         <object_component_ref idref="oc-70"/>
      </symbol>
      <symbol id="sm-5b1">
         <name>__TI_int48</name>
         <value>0xffe8</value>
         <object_component_ref idref="oc-73"/>
      </symbol>
      <symbol id="sm-5b4">
         <name>__TI_int49</name>
         <value>0xffea</value>
         <object_component_ref idref="oc-74"/>
      </symbol>
      <symbol id="sm-5b7">
         <name>__TI_int50</name>
         <value>0xffec</value>
         <object_component_ref idref="oc-75"/>
      </symbol>
      <symbol id="sm-5ba">
         <name>__TI_int51</name>
         <value>0xffee</value>
         <object_component_ref idref="oc-76"/>
      </symbol>
      <symbol id="sm-5bd">
         <name>__TI_int52</name>
         <value>0xfff0</value>
         <object_component_ref idref="oc-77"/>
      </symbol>
      <symbol id="sm-5c0">
         <name>__TI_int53</name>
         <value>0xfff2</value>
         <object_component_ref idref="oc-78"/>
      </symbol>
      <symbol id="sm-5c3">
         <name>__TI_int54</name>
         <value>0xfff4</value>
         <object_component_ref idref="oc-79"/>
      </symbol>
      <symbol id="sm-5c6">
         <name>__TI_int55</name>
         <value>0xfff6</value>
         <object_component_ref idref="oc-7a"/>
      </symbol>
      <symbol id="sm-5c9">
         <name>__TI_int56</name>
         <value>0xfff8</value>
         <object_component_ref idref="oc-7b"/>
      </symbol>
      <symbol id="sm-5cc">
         <name>__TI_int57</name>
         <value>0xfffa</value>
         <object_component_ref idref="oc-7c"/>
      </symbol>
      <symbol id="sm-5cf">
         <name>__TI_int58</name>
         <value>0xfffc</value>
         <object_component_ref idref="oc-7d"/>
      </symbol>
      <symbol id="sm-5d7">
         <name>__TI_ISR_TRAP</name>
         <value>0xe712</value>
         <object_component_ref idref="oc-296"/>
      </symbol>
      <symbol id="sm-5e0">
         <name>__mspabi_slli</name>
         <value>0xe6f6</value>
         <object_component_ref idref="oc-665"/>
      </symbol>
      <symbol id="sm-5e9">
         <name>__mspabi_srli</name>
         <value>0xe700</value>
         <object_component_ref idref="oc-65a"/>
      </symbol>
      <symbol id="sm-5f3">
         <name>__mspabi_mpyi_sw</name>
         <value>0xe632</value>
         <object_component_ref idref="oc-36d"/>
      </symbol>
      <symbol id="sm-5f4">
         <name>__mspabi_mpyi</name>
         <value>0xe632</value>
         <object_component_ref idref="oc-36d"/>
      </symbol>
      <symbol id="sm-5fe">
         <name>__mspabi_mpyl_sw</name>
         <value>0xe3a6</value>
         <object_component_ref idref="oc-52e"/>
      </symbol>
      <symbol id="sm-5ff">
         <name>__mspabi_mpyl</name>
         <value>0xe3a6</value>
         <object_component_ref idref="oc-52e"/>
      </symbol>
      <symbol id="sm-60f">
         <name>_stack</name>
         <value>0x2760</value>
         <object_component_ref idref="oc-27b"/>
      </symbol>
      <symbol id="sm-610">
         <name>_c_int00_noargs</name>
         <value>0xe472</value>
         <object_component_ref idref="oc-2b9"/>
      </symbol>
      <symbol id="sm-611">
         <name>_reset_vector</name>
         <value>0xfffe</value>
         <object_component_ref idref="oc-27e"/>
      </symbol>
      <symbol id="sm-633">
         <name>__TI_auto_init_nobinit_nopinit_hold_wdt</name>
         <value>0xdcf0</value>
         <object_component_ref idref="oc-426"/>
      </symbol>
      <symbol id="sm-643">
         <name>__TI_zero_init_nomemset</name>
         <value>0xe01a</value>
         <object_component_ref idref="oc-2a7"/>
      </symbol>
      <symbol id="sm-64e">
         <name>_system_pre_init</name>
         <value>0xe732</value>
         <object_component_ref idref="oc-31b"/>
      </symbol>
      <symbol id="sm-657">
         <name>_system_post_cinit</name>
         <value>0xe736</value>
         <object_component_ref idref="oc-4ff"/>
      </symbol>
      <symbol id="sm-668">
         <name>__TI_decompress_none</name>
         <value>0xe112</value>
         <object_component_ref idref="oc-6a"/>
      </symbol>
      <symbol id="sm-689">
         <name>__TI_decompress_lzss</name>
         <value>0xd35e</value>
         <object_component_ref idref="oc-64"/>
      </symbol>
      <symbol id="sm-69c">
         <name>__mspabi_cvtdf</name>
         <value>0xda76</value>
         <object_component_ref idref="oc-367"/>
      </symbol>
      <symbol id="sm-6a5">
         <name>__mspabi_fltud</name>
         <value>0xe726</value>
         <object_component_ref idref="oc-35b"/>
      </symbol>
      <symbol id="sm-6bf">
         <name>__mspabi_fltuld</name>
         <value>0xdb82</value>
         <object_component_ref idref="oc-44a"/>
      </symbol>
      <symbol id="sm-6e0">
         <name>__mspabi_mpyd</name>
         <value>0xc93e</value>
         <object_component_ref idref="oc-361"/>
      </symbol>
      <symbol id="sm-6ea">
         <name>C$$EXIT</name>
         <value>0xe72c</value>
         <object_component_ref idref="oc-402"/>
      </symbol>
      <symbol id="sm-6eb">
         <name>abort</name>
         <value>0xe72c</value>
         <object_component_ref idref="oc-402"/>
      </symbol>
      <symbol id="sm-700">
         <name>atoi</name>
         <value>0xde88</value>
         <object_component_ref idref="oc-3f0"/>
      </symbol>
      <symbol id="sm-70a">
         <name>_ctypes_</name>
         <value>0xc42a</value>
         <object_component_ref idref="oc-4da"/>
      </symbol>
      <symbol id="sm-718">
         <name>memcpy</name>
         <value>0xe67c</value>
         <object_component_ref idref="oc-4d1"/>
      </symbol>
      <symbol id="sm-739">
         <name>sprintf</name>
         <value>0xe1c2</value>
         <object_component_ref idref="oc-39b"/>
      </symbol>
      <symbol id="sm-746">
         <name>strlen</name>
         <value>0xe6ba</value>
         <object_component_ref idref="oc-4c8"/>
      </symbol>
      <symbol id="sm-751">
         <name>__memcpy_far</name>
         <value>0xdf5c</value>
         <object_component_ref idref="oc-28a"/>
      </symbol>
      <symbol id="sm-759">
         <name>__mspabi_slll_9</name>
         <value>0xe0ae</value>
         <object_component_ref idref="oc-45e"/>
      </symbol>
      <symbol id="sm-75a">
         <name>__mspabi_slll_8</name>
         <value>0xe0b2</value>
         <object_component_ref idref="oc-45e"/>
      </symbol>
      <symbol id="sm-75b">
         <name>__mspabi_slll_7</name>
         <value>0xe0b6</value>
         <object_component_ref idref="oc-45e"/>
      </symbol>
      <symbol id="sm-75c">
         <name>__mspabi_slll_6</name>
         <value>0xe0ba</value>
         <object_component_ref idref="oc-45e"/>
      </symbol>
      <symbol id="sm-75d">
         <name>__mspabi_slll_5</name>
         <value>0xe0be</value>
         <object_component_ref idref="oc-45e"/>
      </symbol>
      <symbol id="sm-75e">
         <name>__mspabi_slll_4</name>
         <value>0xe0c2</value>
         <object_component_ref idref="oc-45e"/>
      </symbol>
      <symbol id="sm-75f">
         <name>__mspabi_slll_3</name>
         <value>0xe0c6</value>
         <object_component_ref idref="oc-45e"/>
      </symbol>
      <symbol id="sm-760">
         <name>__mspabi_slll_2</name>
         <value>0xe0ca</value>
         <object_component_ref idref="oc-45e"/>
      </symbol>
      <symbol id="sm-761">
         <name>__mspabi_slll_1</name>
         <value>0xe0ce</value>
         <object_component_ref idref="oc-45e"/>
      </symbol>
      <symbol id="sm-762">
         <name>__mspabi_slll_15</name>
         <value>0xe096</value>
         <object_component_ref idref="oc-45e"/>
      </symbol>
      <symbol id="sm-763">
         <name>__mspabi_slll_14</name>
         <value>0xe09a</value>
         <object_component_ref idref="oc-45e"/>
      </symbol>
      <symbol id="sm-764">
         <name>__mspabi_slll_13</name>
         <value>0xe09e</value>
         <object_component_ref idref="oc-45e"/>
      </symbol>
      <symbol id="sm-765">
         <name>__mspabi_slll_12</name>
         <value>0xe0a2</value>
         <object_component_ref idref="oc-45e"/>
      </symbol>
      <symbol id="sm-766">
         <name>__mspabi_slll_11</name>
         <value>0xe0a6</value>
         <object_component_ref idref="oc-45e"/>
      </symbol>
      <symbol id="sm-767">
         <name>__mspabi_slll_10</name>
         <value>0xe0aa</value>
         <object_component_ref idref="oc-45e"/>
      </symbol>
      <symbol id="sm-76f">
         <name>__mspabi_srll_8</name>
         <value>0xe0f0</value>
         <object_component_ref idref="oc-522"/>
      </symbol>
      <symbol id="sm-770">
         <name>__mspabi_srll_9</name>
         <value>0xe0ec</value>
         <object_component_ref idref="oc-522"/>
      </symbol>
      <symbol id="sm-771">
         <name>__mspabi_srll_6</name>
         <value>0xe0f8</value>
         <object_component_ref idref="oc-522"/>
      </symbol>
      <symbol id="sm-772">
         <name>__mspabi_srll_7</name>
         <value>0xe0f4</value>
         <object_component_ref idref="oc-522"/>
      </symbol>
      <symbol id="sm-773">
         <name>__mspabi_srll_4</name>
         <value>0xe100</value>
         <object_component_ref idref="oc-522"/>
      </symbol>
      <symbol id="sm-774">
         <name>__mspabi_srll_5</name>
         <value>0xe0fc</value>
         <object_component_ref idref="oc-522"/>
      </symbol>
      <symbol id="sm-775">
         <name>__mspabi_srll_2</name>
         <value>0xe108</value>
         <object_component_ref idref="oc-522"/>
      </symbol>
      <symbol id="sm-776">
         <name>__mspabi_srll_3</name>
         <value>0xe104</value>
         <object_component_ref idref="oc-522"/>
      </symbol>
      <symbol id="sm-777">
         <name>__mspabi_srll_1</name>
         <value>0xe10c</value>
         <object_component_ref idref="oc-522"/>
      </symbol>
      <symbol id="sm-778">
         <name>__mspabi_srll_15</name>
         <value>0xe0d4</value>
         <object_component_ref idref="oc-522"/>
      </symbol>
      <symbol id="sm-779">
         <name>__mspabi_srll_14</name>
         <value>0xe0d8</value>
         <object_component_ref idref="oc-522"/>
      </symbol>
      <symbol id="sm-77a">
         <name>__mspabi_srll_13</name>
         <value>0xe0dc</value>
         <object_component_ref idref="oc-522"/>
      </symbol>
      <symbol id="sm-77b">
         <name>__mspabi_srll_12</name>
         <value>0xe0e0</value>
         <object_component_ref idref="oc-522"/>
      </symbol>
      <symbol id="sm-77c">
         <name>__mspabi_srll_11</name>
         <value>0xe0e4</value>
         <object_component_ref idref="oc-522"/>
      </symbol>
      <symbol id="sm-77d">
         <name>__mspabi_srll_10</name>
         <value>0xe0e8</value>
         <object_component_ref idref="oc-522"/>
      </symbol>
      <symbol id="sm-78f">
         <name>__TI_frcmpyd</name>
         <value>0xc6be</value>
         <object_component_ref idref="oc-451"/>
      </symbol>
      <symbol id="sm-7d8">
         <name>__TI_printfi_minimal</name>
         <value>0xd536</value>
         <object_component_ref idref="oc-484"/>
      </symbol>
      <symbol id="sm-7e7">
         <name>memccpy</name>
         <value>0xe4de</value>
         <object_component_ref idref="oc-634"/>
      </symbol>
      <symbol id="sm-7f5">
         <name>memset</name>
         <value>0xe61e</value>
         <object_component_ref idref="oc-627"/>
      </symbol>
      <symbol id="sm-7fd">
         <name>__mspabi_sral_15</name>
         <value>0xe058</value>
         <object_component_ref idref="oc-529"/>
      </symbol>
      <symbol id="sm-7fe">
         <name>__mspabi_sral_14</name>
         <value>0xe05c</value>
         <object_component_ref idref="oc-529"/>
      </symbol>
      <symbol id="sm-7ff">
         <name>__mspabi_sral_13</name>
         <value>0xe060</value>
         <object_component_ref idref="oc-529"/>
      </symbol>
      <symbol id="sm-800">
         <name>__mspabi_sral_12</name>
         <value>0xe064</value>
         <object_component_ref idref="oc-529"/>
      </symbol>
      <symbol id="sm-801">
         <name>__mspabi_sral_11</name>
         <value>0xe068</value>
         <object_component_ref idref="oc-529"/>
      </symbol>
      <symbol id="sm-802">
         <name>__mspabi_sral_10</name>
         <value>0xe06c</value>
         <object_component_ref idref="oc-529"/>
      </symbol>
      <symbol id="sm-803">
         <name>__mspabi_sral_8</name>
         <value>0xe074</value>
         <object_component_ref idref="oc-529"/>
      </symbol>
      <symbol id="sm-804">
         <name>__mspabi_sral_9</name>
         <value>0xe070</value>
         <object_component_ref idref="oc-529"/>
      </symbol>
      <symbol id="sm-805">
         <name>__mspabi_sral_6</name>
         <value>0xe07c</value>
         <object_component_ref idref="oc-529"/>
      </symbol>
      <symbol id="sm-806">
         <name>__mspabi_sral_7</name>
         <value>0xe078</value>
         <object_component_ref idref="oc-529"/>
      </symbol>
      <symbol id="sm-807">
         <name>__mspabi_sral_4</name>
         <value>0xe084</value>
         <object_component_ref idref="oc-529"/>
      </symbol>
      <symbol id="sm-808">
         <name>__mspabi_sral_5</name>
         <value>0xe080</value>
         <object_component_ref idref="oc-529"/>
      </symbol>
      <symbol id="sm-809">
         <name>__mspabi_sral_2</name>
         <value>0xe08c</value>
         <object_component_ref idref="oc-529"/>
      </symbol>
      <symbol id="sm-80a">
         <name>__mspabi_sral_3</name>
         <value>0xe088</value>
         <object_component_ref idref="oc-529"/>
      </symbol>
      <symbol id="sm-80b">
         <name>__mspabi_sral_1</name>
         <value>0xe090</value>
         <object_component_ref idref="oc-529"/>
      </symbol>
      <symbol id="sm-80f">
         <name>initRPMTimer</name>
         <value>0xe14e</value>
      </symbol>
   </symbol_table>
   <title>Link successful</title>
</link_info>
